Microsoft Windows [Version 10.0.19044.2728]
(c) Microsoft Corporation. All rights reserved.

C:\Users\datvu>echo "# DEMO404" >> README.md

C:\Users\datvu>git init
Initialized empty Git repository in C:/Users/datvu/.git/

C:\Users\datvu>git add README.md

C:\Users\datvu>git commit -m "first commit"
Author identity unknown

*** Please tell me who you are.

Run

  git config --global user.email "you@example.com"
  git config --global user.name "Your Name"

to set your account's default identity.
Omit --global to set the identity only in this repository.

fatal: unable to auto-detect email address (got 'Tran Kiet@LAPTOP-VBUVT9FN.(none)')

C:\Users\datvu>git branch -M main

C:\Users\datvu>git remote add origin https://github.com/KietTran0602/DEMO404.git

C:\Users\datvu>git push -u origin main
error: src refspec main does not match any
error: failed to push some refs to 'https://github.com/KietTran0602/DEMO404.git'

C:\Users\datvu>
C:\Users\datvu>
C:\Users\datvu>
C:\Users\datvu>
C:\Users\datvu>
C:\Users\datvu>
C:\Users\datvu>echo "# DEMO404" >> README.md

C:\Users\datvu>git init
Reinitialized existing Git repository in C:/Users/datvu/.git/

C:\Users\datvu>git add README.md

C:\Users\datvu>git commit -m "first commit"
Author identity unknown

*** Please tell me who you are.

Run

  git config --global user.email "you@example.com"
  git config --global user.name "Your Name"

to set your account's default identity.
Omit --global to set the identity only in this repository.

fatal: unable to auto-detect email address (got 'Tran Kiet@LAPTOP-VBUVT9FN.(none)')

C:\Users\datvu>git branch -M main

C:\Users\datvu>git remote add origin https://github.com/KietTran0602/DEMO404.git
error: remote origin already exists.

C:\Users\datvu>git push -u origin main
error: src refspec main does not match any
error: failed to push some refs to 'https://github.com/KietTran0602/DEMO404.git'

C:\Users\datvu>git clone https://github.com/KietTran0602/DEMO404.git
Cloning into 'DEMO404'...
remote: Enumerating objects: 3, done.
remote: Counting objects: 100% (3/3), done.
remote: Total 3 (delta 0), reused 0 (delta 0), pack-reused 0
Receiving objects: 100% (3/3), done.

C:\Users\datvu>git status
warning: could not open directory 'Application Data/': Permission denied
warning: could not open directory 'Cookies/': Permission denied
warning: could not open directory 'Documents/My Music/': Permission denied
warning: could not open directory 'Documents/My Pictures/': Permission denied
warning: could not open directory 'Documents/My Videos/': Permission denied
warning: could not open directory 'Local Settings/': Permission denied
warning: could not open directory 'My Documents/': Permission denied
warning: could not open directory 'NetHood/': Permission denied
warning: could not open directory 'PrintHood/': Permission denied
warning: could not open directory 'Recent/': Permission denied
warning: could not open directory 'SendTo/': Permission denied
warning: could not open directory 'Start Menu/': Permission denied
warning: could not open directory 'Templates/': Permission denied
On branch main

No commits yet

Changes to be committed:
  (use "git rm --cached <file>..." to unstage)
        new file:   README.md

Untracked files:
  (use "git add <file>..." to include in what will be committed)
        -1.14-windows.xml
        .BigNox/
        .Ld2VirtualBox/
        .VirtualBox/
        .android/
        .bash_history
        .ssh/
        .thumbnails/
        .vscode/
        2021-08-08-19-09-18.044-NoxVMHandle.exe-7948.log
        2021-11-03-00-30-48.083-NoxVMHandle.exe-2044.log
        3D Objects/
        AppData/
        Contacts/
        DEMO404/
        Documents/
        Downloads/
        Favorites/
        Htmlbt2/
        IntelGraphicsProfiles/
        Links/
        MicrosoftEdgeBackups/
        Music/
        NTUSER.DAT
        NTUSER.DAT{53b39e88-18c4-11ea-a811-000d3aa4692b}.TM.blf
        NTUSER.DAT{53b39e88-18c4-11ea-a811-000d3aa4692b}.TMContainer00000000000000000001.regtrans-ms
        NTUSER.DAT{53b39e88-18c4-11ea-a811-000d3aa4692b}.TMContainer00000000000000000002.regtrans-ms
        Nox_share/
        OneDrive/
        PVsyst7.0_Data-7.1.zip
        PycharmProjects/
        Saved Games/
        Searches/
        Videos/
        d4ac4633ebd6440fa397b84f1bc94a3c.7z
        homestead/
        inittk.ini
        inst.ini
        ntuser.dat.LOG1
        ntuser.dat.LOG2
        ntuser.ini
        nuuid.ini
        useruid.ini
        vmlogs/


C:\Users\datvu>cd demo1
The system cannot find the path specified.

C:\Users\datvu>
C:\Users\datvu>cd DEMO404

C:\Users\datvu\DEMO404>dir
 Volume in drive C is Acer
 Volume Serial Number is D027-C937

 Directory of C:\Users\datvu\DEMO404

03/22/2023  08:23 PM    <DIR>          .
03/22/2023  08:23 PM    <DIR>          ..
03/22/2023  08:23 PM                17 README.md
               1 File(s)             17 bytes
               2 Dir(s)  82,932,895,744 bytes free

C:\Users\datvu\DEMO404>dir
 Volume in drive C is Acer
 Volume Serial Number is D027-C937

 Directory of C:\Users\datvu\DEMO404

03/22/2023  08:23 PM    <DIR>          .
03/22/2023  08:23 PM    <DIR>          ..
03/22/2023  08:23 PM                17 README.md
               1 File(s)             17 bytes
               2 Dir(s)  82,932,895,744 bytes free

C:\Users\datvu\DEMO404>dir
 Volume in drive C is Acer
 Volume Serial Number is D027-C937

 Directory of C:\Users\datvu\DEMO404

03/22/2023  08:28 PM    <DIR>          .
03/22/2023  08:28 PM    <DIR>          ..
03/22/2023  08:27 PM                 0 newFile.txt
03/22/2023  08:23 PM                17 README.md
               2 File(s)             17 bytes
               2 Dir(s)  82,932,097,024 bytes free

C:\Users\datvu\DEMO404>git status
On branch main
Your branch is up to date with 'origin/main'.

Untracked files:
  (use "git add <file>..." to include in what will be committed)
        newFile.txt

nothing added to commit but untracked files present (use "git add" to track)

C:\Users\datvu\DEMO404>git status
On branch main
Your branch is up to date with 'origin/main'.

Changes not staged for commit:
  (use "git add <file>..." to update what will be committed)
  (use "git restore <file>..." to discard changes in working directory)
        modified:   README.md

Untracked files:
  (use "git add <file>..." to include in what will be committed)
        newFile.txt

no changes added to commit (use "git add" and/or "git commit -a")

C:\Users\datvu\DEMO404>git add .\

C:\Users\datvu\DEMO404>git status
On branch main
Your branch is up to date with 'origin/main'.

Changes to be committed:
  (use "git restore --staged <file>..." to unstage)
        modified:   README.md
        new file:   newFile.txt


C:\Users\datvu\DEMO404>git commit -am "Commit di"
Author identity unknown

*** Please tell me who you are.

Run

  git config --global user.email "you@example.com"
  git config --global user.name "Your Name"

to set your account's default identity.
Omit --global to set the identity only in this repository.

fatal: unable to auto-detect email address (got 'Tran Kiet@LAPTOP-VBUVT9FN.(none)')

C:\Users\datvu\DEMO404>git config --global user.email

C:\Users\datvu\DEMO404>git config --global user.email "trananhkietzxz@gmail.com"

C:\Users\datvu\DEMO404>git config --global user.email\
error: invalid key: user.email\

C:\Users\datvu\DEMO404>git config --global user.email
trananhkietzxz@gmail.com

C:\Users\datvu\DEMO404>git config --global user.name "KietTran"

C:\Users\datvu\DEMO404>git config --global user.name
KietTran

C:\Users\datvu\DEMO404>git commit -am "Commit thanh cong"
[main aff1076] Commit thanh cong
 2 files changed, 1 insertion(+)
 create mode 100644 newFile.txt

C:\Users\datvu\DEMO404>git push
Enumerating objects: 6, done.
Counting objects: 100% (6/6), done.
Delta compression using up to 8 threads
Compressing objects: 100% (2/2), done.
Writing objects: 100% (4/4), 316 bytes | 316.00 KiB/s, done.
Total 4 (delta 0), reused 0 (delta 0), pack-reused 0
To https://github.com/KietTran0602/DEMO404.git
   4c37135..aff1076  main -> main

C:\Users\datvu\DEMO404>git push origin
Everything up-to-date

C:\Users\datvu\DEMO404>git push origin main
Everything up-to-date

C:\Users\datvu\DEMO404>